Analysis & Synthesis report for Ultrasound_controller
Wed Jun 28 13:27:47 2017
Quartus Prime Version 16.1.0 Build 196 10/24/2016 SJ Lite Edition


---------------------
; Table of Contents ;
---------------------
  1. Legal Notice
  2. Analysis & Synthesis Summary
  3. Analysis & Synthesis Settings
  4. Parallel Compilation
  5. Analysis & Synthesis Source Files Read
  6. Analysis & Synthesis Resource Usage Summary
  7. Analysis & Synthesis Resource Utilization by Entity
  8. State Machine - |ultrasound_reader|robot_controller:inst1|state
  9. State Machine - |ultrasound_reader|ultrasound_controller:inst3|state
 10. State Machine - |ultrasound_reader|ultrasound_controller:inst2|state
 11. State Machine - |ultrasound_reader|controller:inst|state
 12. State Machine - |ultrasound_reader|ultrasound_controller:inst7|state
 13. State Machine - |ultrasound_reader|dataToLcd:inst4|state
 14. State Machine - |ultrasound_reader|lcd_driver2:inst5|state
 15. User-Specified and Inferred Latches
 16. Registers Removed During Synthesis
 17. Removed Registers Triggering Further Register Optimizations
 18. General Register Statistics
 19. Inverted Register Statistics
 20. Multiplexer Restructuring Statistics (Restructuring Performed)
 21. Post-Synthesis Netlist Statistics for Top Partition
 22. Elapsed Time Per Partition
 23. Analysis & Synthesis Messages



----------------
; Legal Notice ;
----------------
Copyright (C) 2016  Intel Corporation. All rights reserved.
Your use of Intel Corporation's design tools, logic functions 
and other software and tools, and its AMPP partner logic 
functions, and any output files from any of the foregoing 
(including device programming or simulation files), and any 
associated documentation or information are expressly subject 
to the terms and conditions of the Intel Program License 
Subscription Agreement, the Intel Quartus Prime License Agreement,
the Intel MegaCore Function License Agreement, or other 
applicable license agreement, including, without limitation, 
that your use is for the sole purpose of programming logic 
devices manufactured by Intel and sold by Intel or its 
authorized distributors.  Please refer to the applicable 
agreement for further details.



+----------------------------------------------------------------------------------+
; Analysis & Synthesis Summary                                                     ;
+------------------------------------+---------------------------------------------+
; Analysis & Synthesis Status        ; Successful - Wed Jun 28 13:27:47 2017       ;
; Quartus Prime Version              ; 16.1.0 Build 196 10/24/2016 SJ Lite Edition ;
; Revision Name                      ; Ultrasound_controller                       ;
; Top-level Entity Name              ; ultrasound_reader                           ;
; Family                             ; Cyclone IV E                                ;
; Total logic elements               ; 943                                         ;
;     Total combinational functions  ; 920                                         ;
;     Dedicated logic registers      ; 385                                         ;
; Total registers                    ; 385                                         ;
; Total pins                         ; 19                                          ;
; Total virtual pins                 ; 0                                           ;
; Total memory bits                  ; 0                                           ;
; Embedded Multiplier 9-bit elements ; 0                                           ;
; Total PLLs                         ; 0                                           ;
+------------------------------------+---------------------------------------------+


+-------------------------------------------------------------------------------------------------------------------------+
; Analysis & Synthesis Settings                                                                                           ;
+----------------------------------------------------------------------------+--------------------+-----------------------+
; Option                                                                     ; Setting            ; Default Value         ;
+----------------------------------------------------------------------------+--------------------+-----------------------+
; Device                                                                     ; EP4CE22F17C6       ;                       ;
; Top-level entity name                                                      ; ultrasound_reader  ; Ultrasound_controller ;
; Family name                                                                ; Cyclone IV E       ; Cyclone V             ;
; Use smart compilation                                                      ; Off                ; Off                   ;
; Enable parallel Assembler and TimeQuest Timing Analyzer during compilation ; On                 ; On                    ;
; Enable compact report table                                                ; Off                ; Off                   ;
; Restructure Multiplexers                                                   ; Auto               ; Auto                  ;
; Create Debugging Nodes for IP Cores                                        ; Off                ; Off                   ;
; Preserve fewer node names                                                  ; On                 ; On                    ;
; OpenCore Plus hardware evaluation                                          ; Enable             ; Enable                ;
; Verilog Version                                                            ; Verilog_2001       ; Verilog_2001          ;
; VHDL Version                                                               ; VHDL_1993          ; VHDL_1993             ;
; State Machine Processing                                                   ; Auto               ; Auto                  ;
; Safe State Machine                                                         ; Off                ; Off                   ;
; Extract Verilog State Machines                                             ; On                 ; On                    ;
; Extract VHDL State Machines                                                ; On                 ; On                    ;
; Ignore Verilog initial constructs                                          ; Off                ; Off                   ;
; Iteration limit for constant Verilog loops                                 ; 5000               ; 5000                  ;
; Iteration limit for non-constant Verilog loops                             ; 250                ; 250                   ;
; Add Pass-Through Logic to Inferred RAMs                                    ; On                 ; On                    ;
; Infer RAMs from Raw Logic                                                  ; On                 ; On                    ;
; Parallel Synthesis                                                         ; On                 ; On                    ;
; DSP Block Balancing                                                        ; Auto               ; Auto                  ;
; NOT Gate Push-Back                                                         ; On                 ; On                    ;
; Power-Up Don't Care                                                        ; On                 ; On                    ;
; Remove Redundant Logic Cells                                               ; Off                ; Off                   ;
; Remove Duplicate Registers                                                 ; On                 ; On                    ;
; Ignore CARRY Buffers                                                       ; Off                ; Off                   ;
; Ignore CASCADE Buffers                                                     ; Off                ; Off                   ;
; Ignore GLOBAL Buffers                                                      ; Off                ; Off                   ;
; Ignore ROW GLOBAL Buffers                                                  ; Off                ; Off                   ;
; Ignore LCELL Buffers                                                       ; Off                ; Off                   ;
; Ignore SOFT Buffers                                                        ; On                 ; On                    ;
; Limit AHDL Integers to 32 Bits                                             ; Off                ; Off                   ;
; Optimization Technique                                                     ; Balanced           ; Balanced              ;
; Carry Chain Length                                                         ; 70                 ; 70                    ;
; Auto Carry Chains                                                          ; On                 ; On                    ;
; Auto Open-Drain Pins                                                       ; On                 ; On                    ;
; Perform WYSIWYG Primitive Resynthesis                                      ; Off                ; Off                   ;
; Auto ROM Replacement                                                       ; On                 ; On                    ;
; Auto RAM Replacement                                                       ; On                 ; On                    ;
; Auto DSP Block Replacement                                                 ; On                 ; On                    ;
; Auto Shift Register Replacement                                            ; Auto               ; Auto                  ;
; Allow Shift Register Merging across Hierarchies                            ; Auto               ; Auto                  ;
; Auto Clock Enable Replacement                                              ; On                 ; On                    ;
; Strict RAM Replacement                                                     ; Off                ; Off                   ;
; Allow Synchronous Control Signals                                          ; On                 ; On                    ;
; Force Use of Synchronous Clear Signals                                     ; Off                ; Off                   ;
; Auto RAM Block Balancing                                                   ; On                 ; On                    ;
; Auto RAM to Logic Cell Conversion                                          ; Off                ; Off                   ;
; Auto Resource Sharing                                                      ; Off                ; Off                   ;
; Allow Any RAM Size For Recognition                                         ; Off                ; Off                   ;
; Allow Any ROM Size For Recognition                                         ; Off                ; Off                   ;
; Allow Any Shift Register Size For Recognition                              ; Off                ; Off                   ;
; Use LogicLock Constraints during Resource Balancing                        ; On                 ; On                    ;
; Ignore translate_off and synthesis_off directives                          ; Off                ; Off                   ;
; Timing-Driven Synthesis                                                    ; On                 ; On                    ;
; Report Parameter Settings                                                  ; On                 ; On                    ;
; Report Source Assignments                                                  ; On                 ; On                    ;
; Report Connectivity Checks                                                 ; On                 ; On                    ;
; Ignore Maximum Fan-Out Assignments                                         ; Off                ; Off                   ;
; Synchronization Register Chain Length                                      ; 2                  ; 2                     ;
; PowerPlay Power Optimization During Synthesis                              ; Normal compilation ; Normal compilation    ;
; HDL message level                                                          ; Level2             ; Level2                ;
; Suppress Register Optimization Related Messages                            ; Off                ; Off                   ;
; Number of Removed Registers Reported in Synthesis Report                   ; 5000               ; 5000                  ;
; Number of Swept Nodes Reported in Synthesis Report                         ; 5000               ; 5000                  ;
; Number of Inverted Registers Reported in Synthesis Report                  ; 100                ; 100                   ;
; Clock MUX Protection                                                       ; On                 ; On                    ;
; Auto Gated Clock Conversion                                                ; Off                ; Off                   ;
; Block Design Naming                                                        ; Auto               ; Auto                  ;
; SDC constraint protection                                                  ; Off                ; Off                   ;
; Synthesis Effort                                                           ; Auto               ; Auto                  ;
; Shift Register Replacement - Allow Asynchronous Clear Signal               ; On                 ; On                    ;
; Pre-Mapping Resynthesis Optimization                                       ; Off                ; Off                   ;
; Analysis & Synthesis Message Level                                         ; Medium             ; Medium                ;
; Disable Register Merging Across Hierarchies                                ; Auto               ; Auto                  ;
; Resource Aware Inference For Block RAM                                     ; On                 ; On                    ;
+----------------------------------------------------------------------------+--------------------+-----------------------+


+------------------------------------------+
; Parallel Compilation                     ;
+----------------------------+-------------+
; Processors                 ; Number      ;
+----------------------------+-------------+
; Number detected on machine ; 4           ;
; Maximum allowed            ; 2           ;
;                            ;             ;
; Average used               ; 1.00        ;
; Maximum used               ; 2           ;
;                            ;             ;
; Usage by Processor         ; % Time Used ;
;     Processor 1            ; 100.0%      ;
;     Processor 2            ;   0.0%      ;
+----------------------------+-------------+


+----------------------------------------------------------------------------------------------------------------------------------------------------------------------------------------------------------+
; Analysis & Synthesis Source Files Read                                                                                                                                                                   ;
+----------------------------------+-----------------+------------------------------------+------------------------------------------------------------------------------------------------------+---------+
; File Name with User-Entered Path ; Used in Netlist ; File Type                          ; File Name with Absolute Path                                                                         ; Library ;
+----------------------------------+-----------------+------------------------------------+------------------------------------------------------------------------------------------------------+---------+
; vhdl/robot_controller.vhd        ; yes             ; User VHDL File                     ; /datadisk/Coding/uni-stuff/hwp/aufg-06/Ultrasound_controller_restored/vhdl/robot_controller.vhd      ;         ;
; vhdl/motor_controller.vhd        ; yes             ; User VHDL File                     ; /datadisk/Coding/uni-stuff/hwp/aufg-06/Ultrasound_controller_restored/vhdl/motor_controller.vhd      ;         ;
; vhdl/lcd_driver2.vhd             ; yes             ; User VHDL File                     ; /datadisk/Coding/uni-stuff/hwp/aufg-06/Ultrasound_controller_restored/vhdl/lcd_driver2.vhd           ;         ;
; vhdl/dataToLcd.vhd               ; yes             ; User VHDL File                     ; /datadisk/Coding/uni-stuff/hwp/aufg-06/Ultrasound_controller_restored/vhdl/dataToLcd.vhd             ;         ;
; vhdl/ultrasound_controller.vhd   ; yes             ; User VHDL File                     ; /datadisk/Coding/uni-stuff/hwp/aufg-06/Ultrasound_controller_restored/vhdl/ultrasound_controller.vhd ;         ;
; vhdl/controller.vhd              ; yes             ; User VHDL File                     ; /datadisk/Coding/uni-stuff/hwp/aufg-06/Ultrasound_controller_restored/vhdl/controller.vhd            ;         ;
; block/ultrasound_reader.bdf      ; yes             ; User Block Diagram/Schematic File  ; /datadisk/Coding/uni-stuff/hwp/aufg-06/Ultrasound_controller_restored/block/ultrasound_reader.bdf    ;         ;
+----------------------------------+-----------------+------------------------------------+------------------------------------------------------------------------------------------------------+---------+


+------------------------------------------------------------+
; Analysis & Synthesis Resource Usage Summary                ;
+---------------------------------------------+--------------+
; Resource                                    ; Usage        ;
+---------------------------------------------+--------------+
; Estimated Total logic elements              ; 943          ;
;                                             ;              ;
; Total combinational functions               ; 920          ;
; Logic element usage by number of LUT inputs ;              ;
;     -- 4 input functions                    ; 415          ;
;     -- 3 input functions                    ; 79           ;
;     -- <=2 input functions                  ; 426          ;
;                                             ;              ;
; Logic elements by mode                      ;              ;
;     -- normal mode                          ; 640          ;
;     -- arithmetic mode                      ; 280          ;
;                                             ;              ;
; Total registers                             ; 385          ;
;     -- Dedicated logic registers            ; 385          ;
;     -- I/O registers                        ; 0            ;
;                                             ;              ;
; I/O pins                                    ; 19           ;
;                                             ;              ;
; Embedded Multiplier 9-bit elements          ; 0            ;
;                                             ;              ;
; Maximum fan-out node                        ; clk_50~input ;
; Maximum fan-out                             ; 385          ;
; Total fan-out                               ; 3923         ;
; Average fan-out                             ; 2.91         ;
+---------------------------------------------+--------------+


+-----------------------------------------------------------------------------------------------------------------------------------------------------------------------------------------------------------------------------------------------------+
; Analysis & Synthesis Resource Utilization by Entity                                                                                                                                                                                                 ;
+----------------------------------+---------------------+---------------------------+-------------+--------------+---------+-----------+------+--------------+------------------------------------------------+-----------------------+--------------+
; Compilation Hierarchy Node       ; Combinational ALUTs ; Dedicated Logic Registers ; Memory Bits ; DSP Elements ; DSP 9x9 ; DSP 18x18 ; Pins ; Virtual Pins ; Full Hierarchy Name                            ; Entity Name           ; Library Name ;
+----------------------------------+---------------------+---------------------------+-------------+--------------+---------+-----------+------+--------------+------------------------------------------------+-----------------------+--------------+
; |ultrasound_reader               ; 920 (1)             ; 385 (0)                   ; 0           ; 0            ; 0       ; 0         ; 19   ; 0            ; |ultrasound_reader                             ; ultrasound_reader     ; work         ;
;    |controller:inst|             ; 49 (49)             ; 26 (26)                   ; 0           ; 0            ; 0       ; 0         ; 0    ; 0            ; |ultrasound_reader|controller:inst             ; controller            ; work         ;
;    |dataToLcd:inst4|             ; 299 (299)           ; 111 (111)                 ; 0           ; 0            ; 0       ; 0         ; 0    ; 0            ; |ultrasound_reader|dataToLcd:inst4             ; dataToLcd             ; work         ;
;    |lcd_driver2:inst5|           ; 198 (198)           ; 92 (92)                   ; 0           ; 0            ; 0       ; 0         ; 0    ; 0            ; |ultrasound_reader|lcd_driver2:inst5           ; lcd_driver2           ; work         ;
;    |motor_controller:inst8|      ; 28 (28)             ; 17 (17)                   ; 0           ; 0            ; 0       ; 0         ; 0    ; 0            ; |ultrasound_reader|motor_controller:inst8      ; motor_controller      ; work         ;
;    |motor_controller:inst9|      ; 4 (4)               ; 1 (1)                     ; 0           ; 0            ; 0       ; 0         ; 0    ; 0            ; |ultrasound_reader|motor_controller:inst9      ; motor_controller      ; work         ;
;    |robot_controller:inst1|      ; 74 (74)             ; 24 (24)                   ; 0           ; 0            ; 0       ; 0         ; 0    ; 0            ; |ultrasound_reader|robot_controller:inst1      ; robot_controller      ; work         ;
;    |ultrasound_controller:inst2| ; 89 (89)             ; 38 (38)                   ; 0           ; 0            ; 0       ; 0         ; 0    ; 0            ; |ultrasound_reader|ultrasound_controller:inst2 ; ultrasound_controller ; work         ;
;    |ultrasound_controller:inst3| ; 89 (89)             ; 38 (38)                   ; 0           ; 0            ; 0       ; 0         ; 0    ; 0            ; |ultrasound_reader|ultrasound_controller:inst3 ; ultrasound_controller ; work         ;
;    |ultrasound_controller:inst7| ; 89 (89)             ; 38 (38)                   ; 0           ; 0            ; 0       ; 0         ; 0    ; 0            ; |ultrasound_reader|ultrasound_controller:inst7 ; ultrasound_controller ; work         ;
+----------------------------------+---------------------+---------------------------+-------------+--------------+---------+-----------+------+--------------+------------------------------------------------+-----------------------+--------------+
Note: For table entries with two numbers listed, the numbers in parentheses indicate the number of resources of the given type used by the specific entity alone. The numbers listed outside of parentheses indicate the total resources of the given type used by the specific entity and all of its sub-entities in the hierarchy.


Encoding Type:  One-Hot
+------------------------------------------------------------------------------------------------------------------------------------------------------------+
; State Machine - |ultrasound_reader|robot_controller:inst1|state                                                                                            ;
+---------------------------+---------------------------+----------------------+----------------------+---------------------+-------------------+------------+
; Name                      ; state.obstacle_both_sides ; state.obstacle_front ; state.obstacle_right ; state.obstacle_left ; state.no_obstacle ; state.init ;
+---------------------------+---------------------------+----------------------+----------------------+---------------------+-------------------+------------+
; state.init                ; 0                         ; 0                    ; 0                    ; 0                   ; 0                 ; 0          ;
; state.no_obstacle         ; 0                         ; 0                    ; 0                    ; 0                   ; 1                 ; 1          ;
; state.obstacle_left       ; 0                         ; 0                    ; 0                    ; 1                   ; 0                 ; 1          ;
; state.obstacle_right      ; 0                         ; 0                    ; 1                    ; 0                   ; 0                 ; 1          ;
; state.obstacle_front      ; 0                         ; 1                    ; 0                    ; 0                   ; 0                 ; 1          ;
; state.obstacle_both_sides ; 1                         ; 0                    ; 0                    ; 0                   ; 0                 ; 1          ;
+---------------------------+---------------------------+----------------------+----------------------+---------------------+-------------------+------------+


Encoding Type:  One-Hot
+-------------------------------------------------------------------------------------------------+
; State Machine - |ultrasound_reader|ultrasound_controller:inst3|state                            ;
+------------------+-------------+----------------+---------------+------------------+------------+
; Name             ; state.final ; state.scanning ; state.waiting ; state.activating ; state.init ;
+------------------+-------------+----------------+---------------+------------------+------------+
; state.init       ; 0           ; 0              ; 0             ; 0                ; 0          ;
; state.activating ; 0           ; 0              ; 0             ; 1                ; 1          ;
; state.waiting    ; 0           ; 0              ; 1             ; 0                ; 1          ;
; state.scanning   ; 0           ; 1              ; 0             ; 0                ; 1          ;
; state.final      ; 1           ; 0              ; 0             ; 0                ; 1          ;
+------------------+-------------+----------------+---------------+------------------+------------+


Encoding Type:  One-Hot
+-------------------------------------------------------------------------------------------------+
; State Machine - |ultrasound_reader|ultrasound_controller:inst2|state                            ;
+------------------+-------------+----------------+---------------+------------------+------------+
; Name             ; state.final ; state.scanning ; state.waiting ; state.activating ; state.init ;
+------------------+-------------+----------------+---------------+------------------+------------+
; state.init       ; 0           ; 0              ; 0             ; 0                ; 0          ;
; state.activating ; 0           ; 0              ; 0             ; 1                ; 1          ;
; state.waiting    ; 0           ; 0              ; 1             ; 0                ; 1          ;
; state.scanning   ; 0           ; 1              ; 0             ; 0                ; 1          ;
; state.final      ; 1           ; 0              ; 0             ; 0                ; 1          ;
+------------------+-------------+----------------+---------------+------------------+------------+


Encoding Type:  One-Hot
+--------------------------------------------------------------------------------------------------------------------------------------+
; State Machine - |ultrasound_reader|controller:inst|state                                                                             ;
+-------------------+-------------+-------------------+-------------+-------------------+-------------+------------+-------------------+
; Name              ; state.wait3 ; state.controller3 ; state.wait2 ; state.controller2 ; state.wait1 ; state.init ; state.controller1 ;
+-------------------+-------------+-------------------+-------------+-------------------+-------------+------------+-------------------+
; state.controller1 ; 0           ; 0                 ; 0           ; 0                 ; 0           ; 0          ; 0                 ;
; state.init        ; 0           ; 0                 ; 0           ; 0                 ; 0           ; 1          ; 1                 ;
; state.wait1       ; 0           ; 0                 ; 0           ; 0                 ; 1           ; 0          ; 1                 ;
; state.controller2 ; 0           ; 0                 ; 0           ; 1                 ; 0           ; 0          ; 1                 ;
; state.wait2       ; 0           ; 0                 ; 1           ; 0                 ; 0           ; 0          ; 1                 ;
; state.controller3 ; 0           ; 1                 ; 0           ; 0                 ; 0           ; 0          ; 1                 ;
; state.wait3       ; 1           ; 0                 ; 0           ; 0                 ; 0           ; 0          ; 1                 ;
+-------------------+-------------+-------------------+-------------+-------------------+-------------+------------+-------------------+


Encoding Type:  One-Hot
+-------------------------------------------------------------------------------------------------+
; State Machine - |ultrasound_reader|ultrasound_controller:inst7|state                            ;
+------------------+-------------+----------------+---------------+------------------+------------+
; Name             ; state.final ; state.scanning ; state.waiting ; state.activating ; state.init ;
+------------------+-------------+----------------+---------------+------------------+------------+
; state.init       ; 0           ; 0              ; 0             ; 0                ; 0          ;
; state.activating ; 0           ; 0              ; 0             ; 1                ; 1          ;
; state.waiting    ; 0           ; 0              ; 1             ; 0                ; 1          ;
; state.scanning   ; 0           ; 1              ; 0             ; 0                ; 1          ;
; state.final      ; 1           ; 0              ; 0             ; 0                ; 1          ;
+------------------+-------------+----------------+---------------+------------------+------------+


Encoding Type:  One-Hot
+----------------------------------------------------------+
; State Machine - |ultrasound_reader|dataToLcd:inst4|state ;
+--------------+-------------+------------+----------------+
; Name         ; state.pause ; state.init ; state.update   ;
+--------------+-------------+------------+----------------+
; state.update ; 0           ; 0          ; 0              ;
; state.init   ; 0           ; 1          ; 1              ;
; state.pause  ; 1           ; 0          ; 1              ;
+--------------+-------------+------------+----------------+


Encoding Type:  One-Hot
+---------------------------------------------------------------------------------------------------------------------------------------------------------------------------------------------------------------------------------------------------------------------------------------------------+
; State Machine - |ultrasound_reader|lcd_driver2:inst5|state                                                                                                                                                                                                                                        ;
+----------------------+-------------------+----------------------+-------------+-------------------+-------------------+-------------------+-------------------+-------------------+-------------+-------------+-------------+-------------+-------------+-------------+-------------+-------------+
; Name                 ; state.sendingData ; state.sendingAddress ; state.ready ; state.createChar5 ; state.createChar4 ; state.createChar3 ; state.createChar2 ; state.createChar1 ; state.init7 ; state.init6 ; state.init5 ; state.init4 ; state.init3 ; state.init2 ; state.init1 ; state.init0 ;
+----------------------+-------------------+----------------------+-------------+-------------------+-------------------+-------------------+-------------------+-------------------+-------------+-------------+-------------+-------------+-------------+-------------+-------------+-------------+
; state.init0          ; 0                 ; 0                    ; 0           ; 0                 ; 0                 ; 0                 ; 0                 ; 0                 ; 0           ; 0           ; 0           ; 0           ; 0           ; 0           ; 0           ; 0           ;
; state.init1          ; 0                 ; 0                    ; 0           ; 0                 ; 0                 ; 0                 ; 0                 ; 0                 ; 0           ; 0           ; 0           ; 0           ; 0           ; 0           ; 1           ; 1           ;
; state.init2          ; 0                 ; 0                    ; 0           ; 0                 ; 0                 ; 0                 ; 0                 ; 0                 ; 0           ; 0           ; 0           ; 0           ; 0           ; 1           ; 0           ; 1           ;
; state.init3          ; 0                 ; 0                    ; 0           ; 0                 ; 0                 ; 0                 ; 0                 ; 0                 ; 0           ; 0           ; 0           ; 0           ; 1           ; 0           ; 0           ; 1           ;
; state.init4          ; 0                 ; 0                    ; 0           ; 0                 ; 0                 ; 0                 ; 0                 ; 0                 ; 0           ; 0           ; 0           ; 1           ; 0           ; 0           ; 0           ; 1           ;
; state.init5          ; 0                 ; 0                    ; 0           ; 0                 ; 0                 ; 0                 ; 0                 ; 0                 ; 0           ; 0           ; 1           ; 0           ; 0           ; 0           ; 0           ; 1           ;
; state.init6          ; 0                 ; 0                    ; 0           ; 0                 ; 0                 ; 0                 ; 0                 ; 0                 ; 0           ; 1           ; 0           ; 0           ; 0           ; 0           ; 0           ; 1           ;
; state.init7          ; 0                 ; 0                    ; 0           ; 0                 ; 0                 ; 0                 ; 0                 ; 0                 ; 1           ; 0           ; 0           ; 0           ; 0           ; 0           ; 0           ; 1           ;
; state.createChar1    ; 0                 ; 0                    ; 0           ; 0                 ; 0                 ; 0                 ; 0                 ; 1                 ; 0           ; 0           ; 0           ; 0           ; 0           ; 0           ; 0           ; 1           ;
; state.createChar2    ; 0                 ; 0                    ; 0           ; 0                 ; 0                 ; 0                 ; 1                 ; 0                 ; 0           ; 0           ; 0           ; 0           ; 0           ; 0           ; 0           ; 1           ;
; state.createChar3    ; 0                 ; 0                    ; 0           ; 0                 ; 0                 ; 1                 ; 0                 ; 0                 ; 0           ; 0           ; 0           ; 0           ; 0           ; 0           ; 0           ; 1           ;
; state.createChar4    ; 0                 ; 0                    ; 0           ; 0                 ; 1                 ; 0                 ; 0                 ; 0                 ; 0           ; 0           ; 0           ; 0           ; 0           ; 0           ; 0           ; 1           ;
; state.createChar5    ; 0                 ; 0                    ; 0           ; 1                 ; 0                 ; 0                 ; 0                 ; 0                 ; 0           ; 0           ; 0           ; 0           ; 0           ; 0           ; 0           ; 1           ;
; state.ready          ; 0                 ; 0                    ; 1           ; 0                 ; 0                 ; 0                 ; 0                 ; 0                 ; 0           ; 0           ; 0           ; 0           ; 0           ; 0           ; 0           ; 1           ;
; state.sendingAddress ; 0                 ; 1                    ; 0           ; 0                 ; 0                 ; 0                 ; 0                 ; 0                 ; 0           ; 0           ; 0           ; 0           ; 0           ; 0           ; 0           ; 1           ;
; state.sendingData    ; 1                 ; 0                    ; 0           ; 0                 ; 0                 ; 0                 ; 0                 ; 0                 ; 0           ; 0           ; 0           ; 0           ; 0           ; 0           ; 0           ; 1           ;
+----------------------+-------------------+----------------------+-------------+-------------------+-------------------+-------------------+-------------------+-------------------+-------------+-------------+-------------+-------------+-------------+-------------+-------------+-------------+


+--------------------------------------------------------------------------------------------------------+
; User-Specified and Inferred Latches                                                                    ;
+----------------------------------------------------+--------------------------+------------------------+
; Latch Name                                         ; Latch Enable Signal      ; Free of Timing Hazards ;
+----------------------------------------------------+--------------------------+------------------------+
; controller:inst|enable_1                           ; controller:inst|enable_1 ; yes                    ;
; controller:inst|enable_3                           ; controller:inst|enable_3 ; yes                    ;
; controller:inst|enable_2                           ; controller:inst|enable_2 ; yes                    ;
; Number of user-specified and inferred latches = 3  ;                          ;                        ;
+----------------------------------------------------+--------------------------+------------------------+
Note: All latches listed above may not be present at the end of synthesis due to various synthesis optimizations.


+------------------------------------------------------------------------------------------------------------+
; Registers Removed During Synthesis                                                                         ;
+---------------------------------------------+--------------------------------------------------------------+
; Register name                               ; Reason for Removal                                           ;
+---------------------------------------------+--------------------------------------------------------------+
; motor_controller:inst9|counter[15]          ; Merged with motor_controller:inst8|counter[15]               ;
; motor_controller:inst9|counter[14]          ; Merged with motor_controller:inst8|counter[14]               ;
; motor_controller:inst9|counter[13]          ; Merged with motor_controller:inst8|counter[13]               ;
; motor_controller:inst9|counter[12]          ; Merged with motor_controller:inst8|counter[12]               ;
; motor_controller:inst9|counter[11]          ; Merged with motor_controller:inst8|counter[11]               ;
; motor_controller:inst9|counter[10]          ; Merged with motor_controller:inst8|counter[10]               ;
; motor_controller:inst9|counter[9]           ; Merged with motor_controller:inst8|counter[9]                ;
; motor_controller:inst9|counter[8]           ; Merged with motor_controller:inst8|counter[8]                ;
; motor_controller:inst9|counter[7]           ; Merged with motor_controller:inst8|counter[7]                ;
; motor_controller:inst9|counter[6]           ; Merged with motor_controller:inst8|counter[6]                ;
; motor_controller:inst9|counter[5]           ; Merged with motor_controller:inst8|counter[5]                ;
; motor_controller:inst9|counter[4]           ; Merged with motor_controller:inst8|counter[4]                ;
; motor_controller:inst9|counter[3]           ; Merged with motor_controller:inst8|counter[3]                ;
; motor_controller:inst9|counter[2]           ; Merged with motor_controller:inst8|counter[2]                ;
; motor_controller:inst9|counter[1]           ; Merged with motor_controller:inst8|counter[1]                ;
; motor_controller:inst9|counter[0]           ; Merged with motor_controller:inst8|counter[0]                ;
; dataToLcd:inst4|lcd_data[7]                 ; Stuck at GND due to stuck port data_in                       ;
; lcd_driver2:inst5|dataStorage[7]            ; Stuck at GND due to stuck port data_in                       ;
; robot_controller:inst1|state.obstacle_front ; Lost fanout                                                  ;
; controller:inst|state.init                  ; Stuck at GND due to stuck port data_in                       ;
; robot_controller:inst1|turning              ; Merged with robot_controller:inst1|state.obstacle_both_sides ;
; dataToLcd:inst4|state.init                  ; Stuck at GND due to stuck port data_in                       ;
; Total Number of Removed Registers = 22      ;                                                              ;
+---------------------------------------------+--------------------------------------------------------------+


+--------------------------------------------------------------------------------------------------+
; Removed Registers Triggering Further Register Optimizations                                      ;
+-----------------------------+---------------------------+----------------------------------------+
; Register name               ; Reason for Removal        ; Registers Removed due to This Register ;
+-----------------------------+---------------------------+----------------------------------------+
; dataToLcd:inst4|lcd_data[7] ; Stuck at GND              ; lcd_driver2:inst5|dataStorage[7]       ;
;                             ; due to stuck port data_in ;                                        ;
+-----------------------------+---------------------------+----------------------------------------+


+------------------------------------------------------+
; General Register Statistics                          ;
+----------------------------------------------+-------+
; Statistic                                    ; Value ;
+----------------------------------------------+-------+
; Total registers                              ; 385   ;
; Number of registers using Synchronous Clear  ; 142   ;
; Number of registers using Synchronous Load   ; 31    ;
; Number of registers using Asynchronous Clear ; 0     ;
; Number of registers using Asynchronous Load  ; 0     ;
; Number of registers using Clock Enable       ; 200   ;
; Number of registers using Preset             ; 0     ;
+----------------------------------------------+-------+


+--------------------------------------------------+
; Inverted Register Statistics                     ;
+----------------------------------------+---------+
; Inverted Register                      ; Fan out ;
+----------------------------------------+---------+
; lcd_driver2:inst5|dataStorage[6]       ; 1       ;
; lcd_driver2:inst5|dataStorage[5]       ; 1       ;
; lcd_driver2:inst5|dataStorage[2]       ; 1       ;
; lcd_driver2:inst5|dataStorage[1]       ; 1       ;
; Total number of inverted registers = 4 ;         ;
+----------------------------------------+---------+


+----------------------------------------------------------------------------------------------------------------------------------------------------------------------------+
; Multiplexer Restructuring Statistics (Restructuring Performed)                                                                                                             ;
+--------------------+-----------+---------------+----------------------+------------------------+------------+--------------------------------------------------------------+
; Multiplexer Inputs ; Bus Width ; Baseline Area ; Area if Restructured ; Saving if Restructured ; Registered ; Example Multiplexer Output                                   ;
+--------------------+-----------+---------------+----------------------+------------------------+------------+--------------------------------------------------------------+
; 3:1                ; 8 bits    ; 16 LEs        ; 8 LEs                ; 8 LEs                  ; Yes        ; |ultrasound_reader|ultrasound_controller:inst3|output[6]     ;
; 3:1                ; 8 bits    ; 16 LEs        ; 8 LEs                ; 8 LEs                  ; Yes        ; |ultrasound_reader|ultrasound_controller:inst2|output[3]     ;
; 3:1                ; 8 bits    ; 16 LEs        ; 8 LEs                ; 8 LEs                  ; Yes        ; |ultrasound_reader|ultrasound_controller:inst7|output[1]     ;
; 3:1                ; 19 bits   ; 38 LEs        ; 19 LEs               ; 19 LEs                 ; Yes        ; |ultrasound_reader|robot_controller:inst1|count[7]           ;
; 4:1                ; 2 bits    ; 4 LEs         ; 2 LEs                ; 2 LEs                  ; Yes        ; |ultrasound_reader|dataToLcd:inst4|lineCount[1]              ;
; 4:1                ; 31 bits   ; 62 LEs        ; 31 LEs               ; 31 LEs                 ; Yes        ; |ultrasound_reader|lcd_driver2:inst5|charCreationCounter[12] ;
; 4:1                ; 7 bits    ; 14 LEs        ; 14 LEs               ; 0 LEs                  ; Yes        ; |ultrasound_reader|dataToLcd:inst4|data_1_storage[4]         ;
; 4:1                ; 7 bits    ; 14 LEs        ; 14 LEs               ; 0 LEs                  ; Yes        ; |ultrasound_reader|dataToLcd:inst4|data_3_storage[4]         ;
; 4:1                ; 7 bits    ; 14 LEs        ; 14 LEs               ; 0 LEs                  ; Yes        ; |ultrasound_reader|dataToLcd:inst4|data_2_storage[3]         ;
; 6:1                ; 5 bits    ; 20 LEs        ; 5 LEs                ; 15 LEs                 ; Yes        ; |ultrasound_reader|dataToLcd:inst4|charCount[4]              ;
; 6:1                ; 31 bits   ; 124 LEs       ; 31 LEs               ; 93 LEs                 ; Yes        ; |ultrasound_reader|dataToLcd:inst4|counter[14]               ;
; 8:1                ; 20 bits   ; 100 LEs       ; 20 LEs               ; 80 LEs                 ; Yes        ; |ultrasound_reader|controller:inst|counter1[19]              ;
; 10:1               ; 23 bits   ; 138 LEs       ; 23 LEs               ; 115 LEs                ; Yes        ; |ultrasound_reader|ultrasound_controller:inst3|counter[12]   ;
; 10:1               ; 23 bits   ; 138 LEs       ; 23 LEs               ; 115 LEs                ; Yes        ; |ultrasound_reader|ultrasound_controller:inst2|counter[16]   ;
; 10:1               ; 23 bits   ; 138 LEs       ; 23 LEs               ; 115 LEs                ; Yes        ; |ultrasound_reader|ultrasound_controller:inst7|counter[12]   ;
; 17:1               ; 31 bits   ; 341 LEs       ; 31 LEs               ; 310 LEs                ; Yes        ; |ultrasound_reader|lcd_driver2:inst5|counter[17]             ;
; 3:1                ; 4 bits    ; 8 LEs         ; 8 LEs                ; 0 LEs                  ; No         ; |ultrasound_reader|robot_controller:inst1|motor2_speed[9]    ;
; 3:1                ; 2 bits    ; 4 LEs         ; 2 LEs                ; 2 LEs                  ; No         ; |ultrasound_reader|dataToLcd:inst4|lcd_data                  ;
; 3:1                ; 2 bits    ; 4 LEs         ; 4 LEs                ; 0 LEs                  ; No         ; |ultrasound_reader|dataToLcd:inst4|state                     ;
; 4:1                ; 2 bits    ; 4 LEs         ; 2 LEs                ; 2 LEs                  ; No         ; |ultrasound_reader|robot_controller:inst1|motor1_direction   ;
; 5:1                ; 2 bits    ; 6 LEs         ; 2 LEs                ; 4 LEs                  ; No         ; |ultrasound_reader|robot_controller:inst1|state              ;
; 8:1                ; 7 bits    ; 35 LEs        ; 35 LEs               ; 0 LEs                  ; No         ; |ultrasound_reader|controller:inst|state                     ;
; 11:1               ; 5 bits    ; 35 LEs        ; 20 LEs               ; 15 LEs                 ; No         ; |ultrasound_reader|ultrasound_controller:inst3|state         ;
; 11:1               ; 5 bits    ; 35 LEs        ; 20 LEs               ; 15 LEs                 ; No         ; |ultrasound_reader|ultrasound_controller:inst2|state         ;
; 11:1               ; 5 bits    ; 35 LEs        ; 20 LEs               ; 15 LEs                 ; No         ; |ultrasound_reader|ultrasound_controller:inst7|state         ;
; 14:1               ; 11 bits   ; 99 LEs        ; 88 LEs               ; 11 LEs                 ; No         ; |ultrasound_reader|lcd_driver2:inst5|state                   ;
; 21:1               ; 7 bits    ; 98 LEs        ; 98 LEs               ; 0 LEs                  ; No         ; |ultrasound_reader|lcd_driver2:inst5|dataOut[5]              ;
+--------------------+-----------+---------------+----------------------+------------------------+------------+--------------------------------------------------------------+


+-----------------------------------------------------+
; Post-Synthesis Netlist Statistics for Top Partition ;
+-----------------------+-----------------------------+
; Type                  ; Count                       ;
+-----------------------+-----------------------------+
; boundary_port         ; 19                          ;
; cycloneiii_ff         ; 385                         ;
;     ENA               ; 140                         ;
;     ENA SCLR          ; 60                          ;
;     SCLR              ; 82                          ;
;     SLD               ; 31                          ;
;     plain             ; 72                          ;
; cycloneiii_io_obuf    ; 3                           ;
; cycloneiii_lcell_comb ; 921                         ;
;     arith             ; 280                         ;
;         2 data inputs ; 279                         ;
;         3 data inputs ; 1                           ;
;     normal            ; 641                         ;
;         0 data inputs ; 1                           ;
;         1 data inputs ; 26                          ;
;         2 data inputs ; 121                         ;
;         3 data inputs ; 78                          ;
;         4 data inputs ; 415                         ;
;                       ;                             ;
; Max LUT depth         ; 8.00                        ;
; Average LUT depth     ; 4.51                        ;
+-----------------------+-----------------------------+


+-------------------------------+
; Elapsed Time Per Partition    ;
+----------------+--------------+
; Partition Name ; Elapsed Time ;
+----------------+--------------+
; Top            ; 00:00:02     ;
+----------------+--------------+


+-------------------------------+
; Analysis & Synthesis Messages ;
+-------------------------------+
Info: *******************************************************************
Info: Running Quartus Prime Analysis & Synthesis
    Info: Version 16.1.0 Build 196 10/24/2016 SJ Lite Edition
    Info: Processing started: Wed Jun 28 13:27:30 2017
Info: Command: quartus_map --read_settings_files=on --write_settings_files=off Ultrasound_controller -c Ultrasound_controller
Warning (18236): Number of processors has not been specified which may cause overloading on shared machines.  Set the global assignment NUM_PARALLEL_PROCESSORS in your QSF to an appropriate value for best performance.
Info (20030): Parallel compilation is enabled and will use 2 of the 2 processors detected
Info (12021): Found 2 design units, including 1 entities, in source file vhdl/robot_controller.vhd
    Info (12022): Found design unit 1: robot_controller-behaviour File: /datadisk/Coding/uni-stuff/hwp/aufg-06/Ultrasound_controller_restored/vhdl/robot_controller.vhd Line: 22
    Info (12023): Found entity 1: robot_controller File: /datadisk/Coding/uni-stuff/hwp/aufg-06/Ultrasound_controller_restored/vhdl/robot_controller.vhd Line: 7
Info (12021): Found 2 design units, including 1 entities, in source file vhdl/motor_controller.vhd
    Info (12022): Found design unit 1: motor_controller-behaviour File: /datadisk/Coding/uni-stuff/hwp/aufg-06/Ultrasound_controller_restored/vhdl/motor_controller.vhd Line: 15
    Info (12023): Found entity 1: motor_controller File: /datadisk/Coding/uni-stuff/hwp/aufg-06/Ultrasound_controller_restored/vhdl/motor_controller.vhd Line: 6
Info (12021): Found 2 design units, including 1 entities, in source file vhdl/lcd_driver2.vhd
    Info (12022): Found design unit 1: lcd_driver2-behavior File: /datadisk/Coding/uni-stuff/hwp/aufg-06/Ultrasound_controller_restored/vhdl/lcd_driver2.vhd Line: 34
    Info (12023): Found entity 1: lcd_driver2 File: /datadisk/Coding/uni-stuff/hwp/aufg-06/Ultrasound_controller_restored/vhdl/lcd_driver2.vhd Line: 12
Info (12021): Found 2 design units, including 1 entities, in source file vhdl/dataToLcd.vhd
    Info (12022): Found design unit 1: dataToLcd-behavior File: /datadisk/Coding/uni-stuff/hwp/aufg-06/Ultrasound_controller_restored/vhdl/dataToLcd.vhd Line: 29
    Info (12023): Found entity 1: dataToLcd File: /datadisk/Coding/uni-stuff/hwp/aufg-06/Ultrasound_controller_restored/vhdl/dataToLcd.vhd Line: 10
Info (12021): Found 2 design units, including 1 entities, in source file vhdl/ultrasound_controller.vhd
    Info (12022): Found design unit 1: ultrasound_controller-behavior File: /datadisk/Coding/uni-stuff/hwp/aufg-06/Ultrasound_controller_restored/vhdl/ultrasound_controller.vhd Line: 24
    Info (12023): Found entity 1: ultrasound_controller File: /datadisk/Coding/uni-stuff/hwp/aufg-06/Ultrasound_controller_restored/vhdl/ultrasound_controller.vhd Line: 5
Info (12021): Found 2 design units, including 1 entities, in source file vhdl/controller.vhd
    Info (12022): Found design unit 1: controller-behavior File: /datadisk/Coding/uni-stuff/hwp/aufg-06/Ultrasound_controller_restored/vhdl/controller.vhd Line: 20
    Info (12023): Found entity 1: controller File: /datadisk/Coding/uni-stuff/hwp/aufg-06/Ultrasound_controller_restored/vhdl/controller.vhd Line: 6
Info (12021): Found 1 design units, including 1 entities, in source file block/ultrasound_reader.bdf
    Info (12023): Found entity 1: ultrasound_reader
Info (12127): Elaborating entity "ultrasound_reader" for the top level hierarchy
Info (12128): Elaborating entity "lcd_driver2" for hierarchy "lcd_driver2:inst5"
Info (12128): Elaborating entity "dataToLcd" for hierarchy "dataToLcd:inst4"
Info (12128): Elaborating entity "ultrasound_controller" for hierarchy "ultrasound_controller:inst7"
Info (12128): Elaborating entity "controller" for hierarchy "controller:inst"
Warning (10631): VHDL Process Statement warning at controller.vhd(70): inferring latch(es) for signal or variable "enable_1", which holds its previous value in one or more paths through the process File: /datadisk/Coding/uni-stuff/hwp/aufg-06/Ultrasound_controller_restored/vhdl/controller.vhd Line: 70
Warning (10631): VHDL Process Statement warning at controller.vhd(70): inferring latch(es) for signal or variable "enable_2", which holds its previous value in one or more paths through the process File: /datadisk/Coding/uni-stuff/hwp/aufg-06/Ultrasound_controller_restored/vhdl/controller.vhd Line: 70
Warning (10631): VHDL Process Statement warning at controller.vhd(70): inferring latch(es) for signal or variable "enable_3", which holds its previous value in one or more paths through the process File: /datadisk/Coding/uni-stuff/hwp/aufg-06/Ultrasound_controller_restored/vhdl/controller.vhd Line: 70
Info (10041): Inferred latch for "enable_3" at controller.vhd(70) File: /datadisk/Coding/uni-stuff/hwp/aufg-06/Ultrasound_controller_restored/vhdl/controller.vhd Line: 70
Info (10041): Inferred latch for "enable_2" at controller.vhd(70) File: /datadisk/Coding/uni-stuff/hwp/aufg-06/Ultrasound_controller_restored/vhdl/controller.vhd Line: 70
Info (10041): Inferred latch for "enable_1" at controller.vhd(70) File: /datadisk/Coding/uni-stuff/hwp/aufg-06/Ultrasound_controller_restored/vhdl/controller.vhd Line: 70
Info (12128): Elaborating entity "motor_controller" for hierarchy "motor_controller:inst8"
Info (12128): Elaborating entity "robot_controller" for hierarchy "robot_controller:inst1"
Warning (13024): Output pins are stuck at VCC or GND
    Warning (13410): Pin "lcd_rw" is stuck at GND
    Warning (13410): Pin "motor_B2" is stuck at GND
Info (286030): Timing-Driven Synthesis is running
Info (17049): 1 registers lost all their fanouts during netlist optimizations.
Info (16010): Generating hard_block partition "hard_block:auto_generated_inst"
    Info (16011): Adding 0 node(s), including 0 DDIO, 0 PLL, 0 transceiver and 0 LCELL
Info (21057): Implemented 967 device resources after synthesis - the final resource count might be different
    Info (21058): Implemented 1 input pins
    Info (21059): Implemented 15 output pins
    Info (21060): Implemented 3 bidirectional pins
    Info (21061): Implemented 948 logic cells
Info: Quartus Prime Analysis & Synthesis was successful. 0 errors, 7 warnings
    Info: Peak virtual memory: 975 megabytes
    Info: Processing ended: Wed Jun 28 13:27:47 2017
    Info: Elapsed time: 00:00:17
    Info: Total CPU time (on all processors): 00:00:36


