------------------------------------------------------------
TimeQuest Timing Analyzer Summary
------------------------------------------------------------

Type  : Slow 1200mV 85C Model Setup 'clk_50'
Slack : -3.660
TNS   : -516.077

Type  : Slow 1200mV 85C Model Setup 'adcReader:inst|clk_spi'
Slack : -1.807
TNS   : -38.657

Type  : Slow 1200mV 85C Model Hold 'clk_50'
Slack : 0.342
TNS   : 0.000

Type  : Slow 1200mV 85C Model Hold 'adcReader:inst|clk_spi'
Slack : 0.358
TNS   : 0.000

Type  : Slow 1200mV 85C Model Recovery 'adcReader:inst|clk_spi'
Slack : -0.545
TNS   : -8.267

Type  : Slow 1200mV 85C Model Removal 'adcReader:inst|clk_spi'
Slack : 0.937
TNS   : 0.000

Type  : Slow 1200mV 85C Model Minimum Pulse Width 'clk_50'
Slack : -3.000
TNS   : -203.000

Type  : Slow 1200mV 85C Model Minimum Pulse Width 'adcReader:inst|clk_spi'
Slack : -1.000
TNS   : -33.000

Type  : Slow 1200mV 0C Model Setup 'clk_50'
Slack : -3.209
TNS   : -447.584

Type  : Slow 1200mV 0C Model Setup 'adcReader:inst|clk_spi'
Slack : -1.562
TNS   : -31.878

Type  : Slow 1200mV 0C Model Hold 'clk_50'
Slack : 0.297
TNS   : 0.000

Type  : Slow 1200mV 0C Model Hold 'adcReader:inst|clk_spi'
Slack : 0.311
TNS   : 0.000

Type  : Slow 1200mV 0C Model Recovery 'adcReader:inst|clk_spi'
Slack : -0.380
TNS   : -5.336

Type  : Slow 1200mV 0C Model Removal 'adcReader:inst|clk_spi'
Slack : 0.844
TNS   : 0.000

Type  : Slow 1200mV 0C Model Minimum Pulse Width 'clk_50'
Slack : -3.000
TNS   : -203.000

Type  : Slow 1200mV 0C Model Minimum Pulse Width 'adcReader:inst|clk_spi'
Slack : -1.000
TNS   : -33.000

Type  : Fast 1200mV 0C Model Setup 'clk_50'
Slack : -1.616
TNS   : -203.446

Type  : Fast 1200mV 0C Model Setup 'adcReader:inst|clk_spi'
Slack : -0.617
TNS   : -10.331

Type  : Fast 1200mV 0C Model Hold 'clk_50'
Slack : 0.178
TNS   : 0.000

Type  : Fast 1200mV 0C Model Hold 'adcReader:inst|clk_spi'
Slack : 0.187
TNS   : 0.000

Type  : Fast 1200mV 0C Model Recovery 'adcReader:inst|clk_spi'
Slack : 0.111
TNS   : 0.000

Type  : Fast 1200mV 0C Model Removal 'adcReader:inst|clk_spi'
Slack : 0.513
TNS   : 0.000

Type  : Fast 1200mV 0C Model Minimum Pulse Width 'clk_50'
Slack : -3.000
TNS   : -215.342

Type  : Fast 1200mV 0C Model Minimum Pulse Width 'adcReader:inst|clk_spi'
Slack : -1.000
TNS   : -33.000

------------------------------------------------------------
